user@user-System-Product-Name:~/Рабочий стол/дудин$ git config --local user.name "Dudin-Sasha"
user@user-System-Product-Name:~/Рабочий стол/дудин$ git commit -m"почему"
[master (корневой коммит) 337d108] почему
 2 files changed, 1 insertion(+)
 create mode 100644 test.py
 create mode 100644 text.txt
user@user-System-Product-Name:~/Рабочий стол/дудин$ git status -s
user@user-System-Product-Name:~/Рабочий стол/дудин$ git add .
user@user-System-Product-Name:~/Рабочий стол/дудин$ git status -s
user@user-System-Product-Name:~/Рабочий стол/дудин$ git add *.txt


user@user-System-Product-Name:~/Рабочий стол/дудин$ git status -s
user@user-System-Product-Name:~/Рабочий стол/дудин$ git status
Текущая ветка: master
нечего коммитить, нет изменений в рабочем каталоге
user@user-System-Product-Name:~/Рабочий стол/дудин$ git add text.txt
user@user-System-Product-Name:~/Рабочий стол/дудин$ git status -s
user@user-System-Product-Name:~/Рабочий стол/дудин$ git status  
Текущая ветка: master
нечего коммитить, нет изменений в рабочем каталоге
user@user-System-Product-Name:~/Рабочий стол/дудин$ git add .
user@user-System-Product-Name:~/Рабочий стол/дудин$ git status -s
M  text.txt
user@user-System-Product-Name:~/Рабочий стол/дудин$ restore --stage text.txt
Команда «restore» не найдена, но может быть установлена с помощью:
sudo apt install dump
user@user-System-Product-Name:~/Рабочий стол/дудин$ ^[[200~sudo apt install dump
sudo: команда не найдена
user@user-System-Product-Name:~/Рабочий стол/дудин$ ~sudo apt install dump
Команда «~sudo» не найдена. Возможно, вы имели в виду:
  command 'sudo' from deb sudo (1.9.9-1ubuntu2.4)
  command 'sudo' from deb sudo-ldap (1.9.9-1ubuntu2.4)
Try: sudo apt install <deb name>
user@user-System-Product-Name:~/Рабочий стол/дудин$ sudo apt install dump
[sudo] пароль для user: 
Чтение списков пакетов… Готово
Построение дерева зависимостей… Готово
Чтение информации о состоянии… Готово         
Следующие НОВЫЕ пакеты будут установлены:
  dump
Обновлено 0 пакетов, установлено 1 новых пакетов, для удаления отмечено 0 пакетов, и 192 пакетов не обновлено.
Необходимо скачать 133 kB архивов.
После данной операции объём занятого дискового пространства возрастёт на 354 kB.
Пол:1 http://lt.archive.ubuntu.com/ubuntu jammy/universe amd64 dump amd64 0.4b47-3 [133 kB]
Получено 133 kB за 1с (134 kB/s)                  
Выбор ранее не выбранного пакета dump.
(Чтение базы данных … на данный момент установлено 238040 файлов и каталогов.)
Подготовка к распаковке …/dump_0.4b47-3_amd64.deb …
Распаковывается dump (0.4b47-3) …
Настраивается пакет dump (0.4b47-3) …
update-alternatives: используется /usr/sbin/rmt-dump для предоставления /usr/sbin/rmt (rmt) в автоматическом режиме
Обрабатываются триггеры для man-db (2.10.2-1) …
user@user-System-Product-Name:~/Рабочий стол/дудин$ git restore --stage text.txt
user@user-System-Product-Name:~/Рабочий стол/дудин$ git status -s
 M text.txt
user@user-System-Product-Name:~/Рабочий стол/дудин$ git commit -m"чтож"
Текущая ветка: master
Изменения, которые не в индексе для коммита:
  (используйте «git add <файл>...», чтобы добавить файл в индекс)
  (используйте «git restore <файл>...», чтобы отменить изменения в рабочем каталоге)
	изменено:      text.txt

индекс пуст (используйте «git add» и/или «git commit -a»)
user@user-System-Product-Name:~/Рабочий стол/дудин$ git log
commit 337d108fd629c0b13568e9aab938c8ce89fa393a (HEAD -> master)
Author: Dudin-Sasha <sasha_dudin_2007@mail.ru>
Date:   Wed Sep 25 10:27:38 2024 +0300

    почему
user@user-System-Product-Name:~/Рабочий стол/дудин$ git add .
user@user-System-Product-Name:~/Рабочий стол/дудин$ git status -s
M  text.txt
user@user-System-Product-Name:~/Рабочий стол/дудин$ git commit -m""чтож
[master a7a9aa3] чтож
 1 file changed, 1 insertion(+), 1 deletion(-)
user@user-System-Product-Name:~/Рабочий стол/дудин$ git log
commit a7a9aa324c6c8a9ed9782acbc808bb9f702fcdd3 (HEAD -> master)
Author: Dudin-Sasha <sasha_dudin_2007@mail.ru>
Date:   Wed Sep 25 10:37:17 2024 +0300

    чтож

commit 337d108fd629c0b13568e9aab938c8ce89fa393a
Author: Dudin-Sasha <sasha_dudin_2007@mail.ru>
Date:   Wed Sep 25 10:27:38 2024 +0300

    почему
user@user-System-Product-Name:~/Рабочий стол/дудин$ git add/
git: «add/» не является командой git. Смотрите «git --help».

Самые похожие команды:
	add
user@user-System-Product-Name:~/Рабочий стол/дудин$ git add .
user@user-System-Product-Name:~/Рабочий стол/дудин$ git commit --amend --no-edit
[master ededc84] чтож
 Date: Wed Sep 25 10:37:17 2024 +0300
 1 file changed, 2 insertions(+), 1 deletion(-)
user@user-System-Product-Name:~/Рабочий стол/дудин$ git log
commit ededc84436d5034643b1edeaf46b5c8a30e7c4d4 (HEAD -> master)
Author: Dudin-Sasha <sasha_dudin_2007@mail.ru>
Date:   Wed Sep 25 10:37:17 2024 +0300

    чтож

commit 337d108fd629c0b13568e9aab938c8ce89fa393a
Author: Dudin-Sasha <sasha_dudin_2007@mail.ru>
Date:   Wed Sep 25 10:27:38 2024 +0300

    почему
user@user-System-Product-Name:~/Рабочий стол/дудин$ git push original main
error: src refspec main ничему не соответствует
error: не удалось отправить некоторые ссылки в «original»
user@user-System-Product-Name:~/Рабочий стол/дудин$ git push original master
fatal: 'original' does not appear to be a git repository
fatal: Не удалось прочитать из внешнего репозитория.

Удостоверьтесь, что у вас есть необходимые права доступа
и репозиторий существует.
user@user-System-Product-Name:~/Рабочий стол/дудин$ touch style.css
user@user-System-Product-Name:~/Рабочий стол/дудин$ git add -a
error: unknown switch `a'
использование: git add [<опции>] [--] <спецификатор-пути>...

    -n, --dry-run         пробный запуск
    -v, --verbose         быть многословнее

    -i, --interactive     интерактивный выбор
    -p, --patch           интерактивный выбор блоков
    -e, --edit            отредактировать текущий файл списка изменений и применить его
    -f, --force           разрешить добавление игнорируемых иначе файлов
    -u, --update          обновить отслеживаемые файлы
    --renormalize         перенормализировать концы строк (EOL) отслеживаемых файлов (подразумевает -u)
    -N, --intent-to-add   записать только факт, что путь будет добавлен позже
    -A, --all             добавить изменения из всех отслеживаемых и неотслеживаемых файлов
    --ignore-removal      игнорировать пути удаленные из рабочего каталога (тоже, что и --no-all)
    --refresh             не добавлять, только обновить индекс
    --ignore-errors       пропускать файлы, которые не могут быть добавлены из-за ошибок
    --ignore-missing      удостовериться, что даже недостающие файлы будут проигнорированы при  пробном запуске
    --sparse              allow updating entries outside of the sparse-checkout cone
    --chmod (+|-)x        переопределить бит выполнения на указанных файлах
    --pathspec-from-file <файл>
                          read pathspec from file
    --pathspec-file-nul   with --pathspec-from-file, pathspec elements are separated with NUL character

user@user-System-Product-Name:~/Рабочий стол/дудин$ git add .
user@user-System-Product-Name:~/Рабочий стол/дудин$ git commit -a -m "not-added"
[master f8af490] not-added
 2 files changed, 1 insertion(+)
 create mode 100644 style.css
user@user-System-Product-Name:~/Рабочий стол/дудин$ log
Команда «log» не найдена, но есть 16 похожих.
user@user-System-Product-Name:~/Рабочий стол/дудин$ git log
commit f8af4907db713da42a298ea9e196c28b13c11bdc (HEAD -> master)
Author: Dudin-Sasha <sasha_dudin_2007@mail.ru>
Date:   Wed Sep 25 10:47:42 2024 +0300

    not-added

commit ededc84436d5034643b1edeaf46b5c8a30e7c4d4
Author: Dudin-Sasha <sasha_dudin_2007@mail.ru>
Date:   Wed Sep 25 10:37:17 2024 +0300

    чтож

commit 337d108fd629c0b13568e9aab938c8ce89fa393a
Author: Dudin-Sasha <sasha_dudin_2007@mail.ru>
Date:   Wed Sep 25 10:27:38 2024 +0300

    почему
user@user-System-Product-Name:~/Рабочий стол/дудин$ git status -s
user@user-System-Product-Name:~/Рабочий стол/дудин$ 


